2025-07-28 10:32:08,747 - services.shift_optimizer - INFO - Generating shift patterns with shift_hours=8
2025-07-28 10:32:08,748 - services.shift_optimizer - INFO - Successfully generated 8 shift patterns
2025-07-28 10:32:08,749 - services.shift_optimizer - INFO - Evaluating pattern 0 against staffing needs
2025-07-28 10:32:08,749 - services.shift_optimizer - INFO - Pattern 0 evaluation complete: 44 total agents, 352 total agent hours
2025-07-28 10:32:08,750 - services.shift_optimizer - INFO - Evaluating pattern 0 against staffing needs
2025-07-28 10:32:08,750 - services.shift_optimizer - INFO - Pattern 0 evaluation complete: 52 total agents, 416 total agent hours
2025-07-28 10:32:08,750 - services.shift_optimizer - INFO - Evaluating pattern 0 against staffing needs
2025-07-28 10:32:08,751 - services.shift_optimizer - INFO - Pattern 0 evaluation complete: 81 total agents, 648 total agent hours
2025-07-28 10:32:08,751 - services.shift_optimizer - INFO - Evaluating pattern 0 against staffing needs
2025-07-28 10:32:08,752 - services.shift_optimizer - INFO - Pattern 0 evaluation complete: 84 total agents, 672 total agent hours
2025-07-28 10:32:08,752 - services.shift_optimizer - INFO - Evaluating pattern 0 against staffing needs
2025-07-28 10:32:08,752 - services.shift_optimizer - INFO - Pattern 0 evaluation complete: 87 total agents, 696 total agent hours
2025-07-28 10:32:08,753 - services.shift_optimizer - INFO - Evaluating pattern 0 against staffing needs
2025-07-28 10:32:08,753 - services.shift_optimizer - INFO - Pattern 0 evaluation complete: 100 total agents, 800 total agent hours
2025-07-28 10:32:08,753 - services.shift_optimizer - INFO - Evaluating pattern 0 against staffing needs
2025-07-28 10:32:08,754 - services.shift_optimizer - INFO - Pattern 0 evaluation complete: 81 total agents, 648 total agent hours
2025-07-28 10:32:08,754 - services.shift_optimizer - INFO - Evaluating pattern 1 against staffing needs
2025-07-28 10:32:08,754 - services.shift_optimizer - INFO - Pattern 1 evaluation complete: 49 total agents, 392 total agent hours
2025-07-28 10:32:08,755 - services.shift_optimizer - INFO - Evaluating pattern 1 against staffing needs
2025-07-28 10:32:08,755 - services.shift_optimizer - INFO - Pattern 1 evaluation complete: 59 total agents, 472 total agent hours
2025-07-28 10:32:08,755 - services.shift_optimizer - INFO - Evaluating pattern 1 against staffing needs
2025-07-28 10:32:08,756 - services.shift_optimizer - INFO - Pattern 1 evaluation complete: 78 total agents, 624 total agent hours
2025-07-28 10:32:08,756 - services.shift_optimizer - INFO - Evaluating pattern 1 against staffing needs
2025-07-28 10:32:08,756 - services.shift_optimizer - INFO - Pattern 1 evaluation complete: 88 total agents, 704 total agent hours
2025-07-28 10:32:08,757 - services.shift_optimizer - INFO - Evaluating pattern 1 against staffing needs
2025-07-28 10:32:08,757 - services.shift_optimizer - INFO - Pattern 1 evaluation complete: 89 total agents, 712 total agent hours
2025-07-28 10:32:08,757 - services.shift_optimizer - INFO - Evaluating pattern 1 against staffing needs
2025-07-28 10:32:08,758 - services.shift_optimizer - INFO - Pattern 1 evaluation complete: 94 total agents, 752 total agent hours
2025-07-28 10:32:08,758 - services.shift_optimizer - INFO - Evaluating pattern 1 against staffing needs
2025-07-28 10:32:08,758 - services.shift_optimizer - INFO - Pattern 1 evaluation complete: 78 total agents, 624 total agent hours
2025-07-28 10:32:08,759 - services.shift_optimizer - INFO - Evaluating pattern 2 against staffing needs
2025-07-28 10:32:08,759 - services.shift_optimizer - INFO - Pattern 2 evaluation complete: 46 total agents, 368 total agent hours
2025-07-28 10:32:08,760 - services.shift_optimizer - INFO - Evaluating pattern 2 against staffing needs
2025-07-28 10:32:08,760 - services.shift_optimizer - INFO - Pattern 2 evaluation complete: 64 total agents, 512 total agent hours
2025-07-28 10:32:08,760 - services.shift_optimizer - INFO - Evaluating pattern 2 against staffing needs
2025-07-28 10:32:08,761 - services.shift_optimizer - INFO - Pattern 2 evaluation complete: 81 total agents, 648 total agent hours
2025-07-28 10:32:08,761 - services.shift_optimizer - INFO - Evaluating pattern 2 against staffing needs
2025-07-28 10:32:08,761 - services.shift_optimizer - INFO - Pattern 2 evaluation complete: 93 total agents, 744 total agent hours
2025-07-28 10:32:08,762 - services.shift_optimizer - INFO - Evaluating pattern 2 against staffing needs
2025-07-28 10:32:08,762 - services.shift_optimizer - INFO - Pattern 2 evaluation complete: 89 total agents, 712 total agent hours
2025-07-28 10:32:08,762 - services.shift_optimizer - INFO - Evaluating pattern 2 against staffing needs
2025-07-28 10:32:08,763 - services.shift_optimizer - INFO - Pattern 2 evaluation complete: 92 total agents, 736 total agent hours
2025-07-28 10:32:08,763 - services.shift_optimizer - INFO - Evaluating pattern 2 against staffing needs
2025-07-28 10:32:08,763 - services.shift_optimizer - INFO - Pattern 2 evaluation complete: 78 total agents, 624 total agent hours
2025-07-28 10:32:08,764 - services.shift_optimizer - INFO - Evaluating pattern 3 against staffing needs
2025-07-28 10:32:08,764 - services.shift_optimizer - INFO - Pattern 3 evaluation complete: 45 total agents, 360 total agent hours
2025-07-28 10:32:08,764 - services.shift_optimizer - INFO - Evaluating pattern 3 against staffing needs
2025-07-28 10:32:08,765 - services.shift_optimizer - INFO - Pattern 3 evaluation complete: 64 total agents, 512 total agent hours
2025-07-28 10:32:08,765 - services.shift_optimizer - INFO - Evaluating pattern 3 against staffing needs
2025-07-28 10:32:08,765 - services.shift_optimizer - INFO - Pattern 3 evaluation complete: 78 total agents, 624 total agent hours
2025-07-28 10:32:08,766 - services.shift_optimizer - INFO - Evaluating pattern 3 against staffing needs
2025-07-28 10:32:08,766 - services.shift_optimizer - INFO - Pattern 3 evaluation complete: 88 total agents, 704 total agent hours
2025-07-28 10:32:08,766 - services.shift_optimizer - INFO - Evaluating pattern 3 against staffing needs
2025-07-28 10:32:08,767 - services.shift_optimizer - INFO - Pattern 3 evaluation complete: 85 total agents, 680 total agent hours
2025-07-28 10:32:08,767 - services.shift_optimizer - INFO - Evaluating pattern 3 against staffing needs
2025-07-28 10:32:08,767 - services.shift_optimizer - INFO - Pattern 3 evaluation complete: 88 total agents, 704 total agent hours
2025-07-28 10:32:08,768 - services.shift_optimizer - INFO - Evaluating pattern 3 against staffing needs
2025-07-28 10:32:08,768 - services.shift_optimizer - INFO - Pattern 3 evaluation complete: 78 total agents, 624 total agent hours
2025-07-28 10:32:08,768 - services.shift_optimizer - INFO - Evaluating pattern 4 against staffing needs
2025-07-28 10:32:08,769 - services.shift_optimizer - INFO - Pattern 4 evaluation complete: 45 total agents, 360 total agent hours
2025-07-28 10:32:08,769 - services.shift_optimizer - INFO - Evaluating pattern 4 against staffing needs
2025-07-28 10:32:08,770 - services.shift_optimizer - INFO - Pattern 4 evaluation complete: 66 total agents, 528 total agent hours
2025-07-28 10:32:08,770 - services.shift_optimizer - INFO - Evaluating pattern 4 against staffing needs
2025-07-28 10:32:08,770 - services.shift_optimizer - INFO - Pattern 4 evaluation complete: 81 total agents, 648 total agent hours
2025-07-28 10:32:08,770 - services.shift_optimizer - INFO - Evaluating pattern 4 against staffing needs
2025-07-28 10:32:08,771 - services.shift_optimizer - INFO - Pattern 4 evaluation complete: 86 total agents, 688 total agent hours
2025-07-28 10:32:08,771 - services.shift_optimizer - INFO - Evaluating pattern 4 against staffing needs
2025-07-28 10:32:08,771 - services.shift_optimizer - INFO - Pattern 4 evaluation complete: 87 total agents, 696 total agent hours
2025-07-28 10:32:08,772 - services.shift_optimizer - INFO - Evaluating pattern 4 against staffing needs
2025-07-28 10:32:08,772 - services.shift_optimizer - INFO - Pattern 4 evaluation complete: 88 total agents, 704 total agent hours
2025-07-28 10:32:08,772 - services.shift_optimizer - INFO - Evaluating pattern 4 against staffing needs
2025-07-28 10:32:08,773 - services.shift_optimizer - INFO - Pattern 4 evaluation complete: 78 total agents, 624 total agent hours
2025-07-28 10:32:08,774 - services.shift_optimizer - INFO - Evaluating pattern 5 against staffing needs
2025-07-28 10:32:08,774 - services.shift_optimizer - INFO - Pattern 5 evaluation complete: 45 total agents, 360 total agent hours
2025-07-28 10:32:08,774 - services.shift_optimizer - INFO - Evaluating pattern 5 against staffing needs
2025-07-28 10:32:08,775 - services.shift_optimizer - INFO - Pattern 5 evaluation complete: 74 total agents, 592 total agent hours
2025-07-28 10:32:08,775 - services.shift_optimizer - INFO - Evaluating pattern 5 against staffing needs
2025-07-28 10:32:08,775 - services.shift_optimizer - INFO - Pattern 5 evaluation complete: 87 total agents, 696 total agent hours
2025-07-28 10:32:08,776 - services.shift_optimizer - INFO - Evaluating pattern 5 against staffing needs
2025-07-28 10:32:08,776 - services.shift_optimizer - INFO - Pattern 5 evaluation complete: 92 total agents, 736 total agent hours
2025-07-28 10:32:08,776 - services.shift_optimizer - INFO - Evaluating pattern 5 against staffing needs
2025-07-28 10:32:08,777 - services.shift_optimizer - INFO - Pattern 5 evaluation complete: 93 total agents, 744 total agent hours
2025-07-28 10:32:08,777 - services.shift_optimizer - INFO - Evaluating pattern 5 against staffing needs
2025-07-28 10:32:08,777 - services.shift_optimizer - INFO - Pattern 5 evaluation complete: 94 total agents, 752 total agent hours
2025-07-28 10:32:08,778 - services.shift_optimizer - INFO - Evaluating pattern 5 against staffing needs
2025-07-28 10:32:08,778 - services.shift_optimizer - INFO - Pattern 5 evaluation complete: 81 total agents, 648 total agent hours
2025-07-28 10:32:08,779 - services.shift_optimizer - INFO - Evaluating pattern 6 against staffing needs
2025-07-28 10:32:08,779 - services.shift_optimizer - INFO - Pattern 6 evaluation complete: 45 total agents, 360 total agent hours
2025-07-28 10:32:08,779 - services.shift_optimizer - INFO - Evaluating pattern 6 against staffing needs
2025-07-28 10:32:08,779 - services.shift_optimizer - INFO - Pattern 6 evaluation complete: 71 total agents, 568 total agent hours
2025-07-28 10:32:08,780 - services.shift_optimizer - INFO - Evaluating pattern 6 against staffing needs
2025-07-28 10:32:08,780 - services.shift_optimizer - INFO - Pattern 6 evaluation complete: 88 total agents, 704 total agent hours
2025-07-28 10:32:08,780 - services.shift_optimizer - INFO - Evaluating pattern 6 against staffing needs
2025-07-28 10:32:08,781 - services.shift_optimizer - INFO - Pattern 6 evaluation complete: 94 total agents, 752 total agent hours
2025-07-28 10:32:08,781 - services.shift_optimizer - INFO - Evaluating pattern 6 against staffing needs
2025-07-28 10:32:08,781 - services.shift_optimizer - INFO - Pattern 6 evaluation complete: 93 total agents, 744 total agent hours
2025-07-28 10:32:08,782 - services.shift_optimizer - INFO - Evaluating pattern 6 against staffing needs
2025-07-28 10:32:08,782 - services.shift_optimizer - INFO - Pattern 6 evaluation complete: 90 total agents, 720 total agent hours
2025-07-28 10:32:08,782 - services.shift_optimizer - INFO - Evaluating pattern 6 against staffing needs
2025-07-28 10:32:08,782 - services.shift_optimizer - INFO - Pattern 6 evaluation complete: 78 total agents, 624 total agent hours
2025-07-28 10:32:08,783 - services.shift_optimizer - INFO - Evaluating pattern 7 against staffing needs
2025-07-28 10:32:08,783 - services.shift_optimizer - INFO - Pattern 7 evaluation complete: 45 total agents, 360 total agent hours
2025-07-28 10:32:08,784 - services.shift_optimizer - INFO - Evaluating pattern 7 against staffing needs
2025-07-28 10:32:08,784 - services.shift_optimizer - INFO - Pattern 7 evaluation complete: 72 total agents, 576 total agent hours
2025-07-28 10:32:08,784 - services.shift_optimizer - INFO - Evaluating pattern 7 against staffing needs
2025-07-28 10:32:08,785 - services.shift_optimizer - INFO - Pattern 7 evaluation complete: 88 total agents, 704 total agent hours
2025-07-28 10:32:08,785 - services.shift_optimizer - INFO - Evaluating pattern 7 against staffing needs
2025-07-28 10:32:08,786 - services.shift_optimizer - INFO - Pattern 7 evaluation complete: 92 total agents, 736 total agent hours
2025-07-28 10:32:08,786 - services.shift_optimizer - INFO - Evaluating pattern 7 against staffing needs
2025-07-28 10:32:08,786 - services.shift_optimizer - INFO - Pattern 7 evaluation complete: 93 total agents, 744 total agent hours
2025-07-28 10:32:08,786 - services.shift_optimizer - INFO - Evaluating pattern 7 against staffing needs
2025-07-28 10:32:08,787 - services.shift_optimizer - INFO - Pattern 7 evaluation complete: 89 total agents, 712 total agent hours
2025-07-28 10:32:08,787 - services.shift_optimizer - INFO - Evaluating pattern 7 against staffing needs
2025-07-28 10:32:08,788 - services.shift_optimizer - INFO - Pattern 7 evaluation complete: 77 total agents, 616 total agent hours
2025-07-28 10:44:01,450 - services.shift_optimizer - INFO - Generating shift patterns with shift_hours=8
2025-07-28 10:44:01,450 - services.shift_optimizer - INFO - Successfully generated 8 shift patterns
2025-07-28 10:44:01,451 - services.shift_optimizer - INFO - Evaluating pattern 0 against staffing needs
2025-07-28 10:44:01,451 - services.shift_optimizer - INFO - Pattern 0 evaluation complete: 44 total agents, 352 total agent hours
2025-07-28 10:44:01,451 - services.shift_optimizer - INFO - Evaluating pattern 0 against staffing needs
2025-07-28 10:44:01,452 - services.shift_optimizer - INFO - Pattern 0 evaluation complete: 52 total agents, 416 total agent hours
2025-07-28 10:44:01,452 - services.shift_optimizer - INFO - Evaluating pattern 0 against staffing needs
2025-07-28 10:44:01,452 - services.shift_optimizer - INFO - Pattern 0 evaluation complete: 81 total agents, 648 total agent hours
2025-07-28 10:44:01,452 - services.shift_optimizer - INFO - Evaluating pattern 0 against staffing needs
2025-07-28 10:44:01,453 - services.shift_optimizer - INFO - Pattern 0 evaluation complete: 84 total agents, 672 total agent hours
2025-07-28 10:44:01,453 - services.shift_optimizer - INFO - Evaluating pattern 0 against staffing needs
2025-07-28 10:44:01,453 - services.shift_optimizer - INFO - Pattern 0 evaluation complete: 87 total agents, 696 total agent hours
2025-07-28 10:44:01,454 - services.shift_optimizer - INFO - Evaluating pattern 0 against staffing needs
2025-07-28 10:44:01,454 - services.shift_optimizer - INFO - Pattern 0 evaluation complete: 100 total agents, 800 total agent hours
2025-07-28 10:44:01,454 - services.shift_optimizer - INFO - Evaluating pattern 0 against staffing needs
2025-07-28 10:44:01,455 - services.shift_optimizer - INFO - Pattern 0 evaluation complete: 81 total agents, 648 total agent hours
2025-07-28 10:44:01,455 - services.shift_optimizer - INFO - Evaluating pattern 1 against staffing needs
2025-07-28 10:44:01,455 - services.shift_optimizer - INFO - Pattern 1 evaluation complete: 49 total agents, 392 total agent hours
2025-07-28 10:44:01,456 - services.shift_optimizer - INFO - Evaluating pattern 1 against staffing needs
2025-07-28 10:44:01,456 - services.shift_optimizer - INFO - Pattern 1 evaluation complete: 59 total agents, 472 total agent hours
2025-07-28 10:44:01,456 - services.shift_optimizer - INFO - Evaluating pattern 1 against staffing needs
2025-07-28 10:44:01,456 - services.shift_optimizer - INFO - Pattern 1 evaluation complete: 78 total agents, 624 total agent hours
2025-07-28 10:44:01,457 - services.shift_optimizer - INFO - Evaluating pattern 1 against staffing needs
2025-07-28 10:44:01,457 - services.shift_optimizer - INFO - Pattern 1 evaluation complete: 88 total agents, 704 total agent hours
2025-07-28 10:44:01,457 - services.shift_optimizer - INFO - Evaluating pattern 1 against staffing needs
2025-07-28 10:44:01,457 - services.shift_optimizer - INFO - Pattern 1 evaluation complete: 89 total agents, 712 total agent hours
2025-07-28 10:44:01,458 - services.shift_optimizer - INFO - Evaluating pattern 1 against staffing needs
2025-07-28 10:44:01,458 - services.shift_optimizer - INFO - Pattern 1 evaluation complete: 94 total agents, 752 total agent hours
2025-07-28 10:44:01,458 - services.shift_optimizer - INFO - Evaluating pattern 1 against staffing needs
2025-07-28 10:44:01,459 - services.shift_optimizer - INFO - Pattern 1 evaluation complete: 78 total agents, 624 total agent hours
2025-07-28 10:44:01,459 - services.shift_optimizer - INFO - Evaluating pattern 2 against staffing needs
2025-07-28 10:44:01,460 - services.shift_optimizer - INFO - Pattern 2 evaluation complete: 46 total agents, 368 total agent hours
2025-07-28 10:44:01,460 - services.shift_optimizer - INFO - Evaluating pattern 2 against staffing needs
2025-07-28 10:44:01,460 - services.shift_optimizer - INFO - Pattern 2 evaluation complete: 64 total agents, 512 total agent hours
2025-07-28 10:44:01,461 - services.shift_optimizer - INFO - Evaluating pattern 2 against staffing needs
2025-07-28 10:44:01,461 - services.shift_optimizer - INFO - Pattern 2 evaluation complete: 81 total agents, 648 total agent hours
2025-07-28 10:44:01,461 - services.shift_optimizer - INFO - Evaluating pattern 2 against staffing needs
2025-07-28 10:44:01,462 - services.shift_optimizer - INFO - Pattern 2 evaluation complete: 93 total agents, 744 total agent hours
2025-07-28 10:44:01,462 - services.shift_optimizer - INFO - Evaluating pattern 2 against staffing needs
2025-07-28 10:44:01,462 - services.shift_optimizer - INFO - Pattern 2 evaluation complete: 89 total agents, 712 total agent hours
2025-07-28 10:44:01,463 - services.shift_optimizer - INFO - Evaluating pattern 2 against staffing needs
2025-07-28 10:44:01,463 - services.shift_optimizer - INFO - Pattern 2 evaluation complete: 92 total agents, 736 total agent hours
2025-07-28 10:44:01,464 - services.shift_optimizer - INFO - Evaluating pattern 2 against staffing needs
2025-07-28 10:44:01,465 - services.shift_optimizer - INFO - Pattern 2 evaluation complete: 78 total agents, 624 total agent hours
2025-07-28 10:44:01,466 - services.shift_optimizer - INFO - Evaluating pattern 3 against staffing needs
2025-07-28 10:44:01,466 - services.shift_optimizer - INFO - Pattern 3 evaluation complete: 45 total agents, 360 total agent hours
2025-07-28 10:44:01,466 - services.shift_optimizer - INFO - Evaluating pattern 3 against staffing needs
2025-07-28 10:44:01,467 - services.shift_optimizer - INFO - Pattern 3 evaluation complete: 64 total agents, 512 total agent hours
2025-07-28 10:44:01,467 - services.shift_optimizer - INFO - Evaluating pattern 3 against staffing needs
2025-07-28 10:44:01,468 - services.shift_optimizer - INFO - Pattern 3 evaluation complete: 78 total agents, 624 total agent hours
2025-07-28 10:44:01,468 - services.shift_optimizer - INFO - Evaluating pattern 3 against staffing needs
2025-07-28 10:44:01,468 - services.shift_optimizer - INFO - Pattern 3 evaluation complete: 88 total agents, 704 total agent hours
2025-07-28 10:44:01,469 - services.shift_optimizer - INFO - Evaluating pattern 3 against staffing needs
2025-07-28 10:44:01,469 - services.shift_optimizer - INFO - Pattern 3 evaluation complete: 85 total agents, 680 total agent hours
2025-07-28 10:44:01,469 - services.shift_optimizer - INFO - Evaluating pattern 3 against staffing needs
2025-07-28 10:44:01,470 - services.shift_optimizer - INFO - Pattern 3 evaluation complete: 88 total agents, 704 total agent hours
2025-07-28 10:44:01,470 - services.shift_optimizer - INFO - Evaluating pattern 3 against staffing needs
2025-07-28 10:44:01,470 - services.shift_optimizer - INFO - Pattern 3 evaluation complete: 78 total agents, 624 total agent hours
2025-07-28 10:44:01,471 - services.shift_optimizer - INFO - Evaluating pattern 4 against staffing needs
2025-07-28 10:44:01,471 - services.shift_optimizer - INFO - Pattern 4 evaluation complete: 45 total agents, 360 total agent hours
2025-07-28 10:44:01,471 - services.shift_optimizer - INFO - Evaluating pattern 4 against staffing needs
2025-07-28 10:44:01,472 - services.shift_optimizer - INFO - Pattern 4 evaluation complete: 66 total agents, 528 total agent hours
2025-07-28 10:44:01,472 - services.shift_optimizer - INFO - Evaluating pattern 4 against staffing needs
2025-07-28 10:44:01,472 - services.shift_optimizer - INFO - Pattern 4 evaluation complete: 81 total agents, 648 total agent hours
2025-07-28 10:44:01,473 - services.shift_optimizer - INFO - Evaluating pattern 4 against staffing needs
2025-07-28 10:44:01,473 - services.shift_optimizer - INFO - Pattern 4 evaluation complete: 86 total agents, 688 total agent hours
2025-07-28 10:44:01,473 - services.shift_optimizer - INFO - Evaluating pattern 4 against staffing needs
2025-07-28 10:44:01,473 - services.shift_optimizer - INFO - Pattern 4 evaluation complete: 87 total agents, 696 total agent hours
2025-07-28 10:44:01,474 - services.shift_optimizer - INFO - Evaluating pattern 4 against staffing needs
2025-07-28 10:44:01,474 - services.shift_optimizer - INFO - Pattern 4 evaluation complete: 88 total agents, 704 total agent hours
2025-07-28 10:44:01,474 - services.shift_optimizer - INFO - Evaluating pattern 4 against staffing needs
2025-07-28 10:44:01,474 - services.shift_optimizer - INFO - Pattern 4 evaluation complete: 78 total agents, 624 total agent hours
2025-07-28 10:44:01,475 - services.shift_optimizer - INFO - Evaluating pattern 5 against staffing needs
2025-07-28 10:44:01,475 - services.shift_optimizer - INFO - Pattern 5 evaluation complete: 45 total agents, 360 total agent hours
2025-07-28 10:44:01,475 - services.shift_optimizer - INFO - Evaluating pattern 5 against staffing needs
2025-07-28 10:44:01,476 - services.shift_optimizer - INFO - Pattern 5 evaluation complete: 74 total agents, 592 total agent hours
2025-07-28 10:44:01,476 - services.shift_optimizer - INFO - Evaluating pattern 5 against staffing needs
2025-07-28 10:44:01,476 - services.shift_optimizer - INFO - Pattern 5 evaluation complete: 87 total agents, 696 total agent hours
2025-07-28 10:44:01,477 - services.shift_optimizer - INFO - Evaluating pattern 5 against staffing needs
2025-07-28 10:44:01,477 - services.shift_optimizer - INFO - Pattern 5 evaluation complete: 92 total agents, 736 total agent hours
2025-07-28 10:44:01,477 - services.shift_optimizer - INFO - Evaluating pattern 5 against staffing needs
2025-07-28 10:44:01,478 - services.shift_optimizer - INFO - Pattern 5 evaluation complete: 93 total agents, 744 total agent hours
2025-07-28 10:44:01,478 - services.shift_optimizer - INFO - Evaluating pattern 5 against staffing needs
2025-07-28 10:44:01,478 - services.shift_optimizer - INFO - Pattern 5 evaluation complete: 94 total agents, 752 total agent hours
2025-07-28 10:44:01,479 - services.shift_optimizer - INFO - Evaluating pattern 5 against staffing needs
2025-07-28 10:44:01,479 - services.shift_optimizer - INFO - Pattern 5 evaluation complete: 81 total agents, 648 total agent hours
2025-07-28 10:44:01,479 - services.shift_optimizer - INFO - Evaluating pattern 6 against staffing needs
2025-07-28 10:44:01,480 - services.shift_optimizer - INFO - Pattern 6 evaluation complete: 45 total agents, 360 total agent hours
2025-07-28 10:44:01,480 - services.shift_optimizer - INFO - Evaluating pattern 6 against staffing needs
2025-07-28 10:44:01,480 - services.shift_optimizer - INFO - Pattern 6 evaluation complete: 71 total agents, 568 total agent hours
2025-07-28 10:44:01,481 - services.shift_optimizer - INFO - Evaluating pattern 6 against staffing needs
2025-07-28 10:44:01,481 - services.shift_optimizer - INFO - Pattern 6 evaluation complete: 88 total agents, 704 total agent hours
2025-07-28 10:44:01,481 - services.shift_optimizer - INFO - Evaluating pattern 6 against staffing needs
2025-07-28 10:44:01,482 - services.shift_optimizer - INFO - Pattern 6 evaluation complete: 94 total agents, 752 total agent hours
2025-07-28 10:44:01,482 - services.shift_optimizer - INFO - Evaluating pattern 6 against staffing needs
2025-07-28 10:44:01,482 - services.shift_optimizer - INFO - Pattern 6 evaluation complete: 93 total agents, 744 total agent hours
2025-07-28 10:44:01,482 - services.shift_optimizer - INFO - Evaluating pattern 6 against staffing needs
2025-07-28 10:44:01,483 - services.shift_optimizer - INFO - Pattern 6 evaluation complete: 90 total agents, 720 total agent hours
2025-07-28 10:44:01,483 - services.shift_optimizer - INFO - Evaluating pattern 6 against staffing needs
2025-07-28 10:44:01,483 - services.shift_optimizer - INFO - Pattern 6 evaluation complete: 78 total agents, 624 total agent hours
2025-07-28 10:44:01,484 - services.shift_optimizer - INFO - Evaluating pattern 7 against staffing needs
2025-07-28 10:44:01,484 - services.shift_optimizer - INFO - Pattern 7 evaluation complete: 45 total agents, 360 total agent hours
2025-07-28 10:44:01,485 - services.shift_optimizer - INFO - Evaluating pattern 7 against staffing needs
2025-07-28 10:44:01,485 - services.shift_optimizer - INFO - Pattern 7 evaluation complete: 72 total agents, 576 total agent hours
2025-07-28 10:44:01,485 - services.shift_optimizer - INFO - Evaluating pattern 7 against staffing needs
2025-07-28 10:44:01,485 - services.shift_optimizer - INFO - Pattern 7 evaluation complete: 88 total agents, 704 total agent hours
2025-07-28 10:44:01,486 - services.shift_optimizer - INFO - Evaluating pattern 7 against staffing needs
2025-07-28 10:44:01,486 - services.shift_optimizer - INFO - Pattern 7 evaluation complete: 92 total agents, 736 total agent hours
2025-07-28 10:44:01,486 - services.shift_optimizer - INFO - Evaluating pattern 7 against staffing needs
2025-07-28 10:44:01,487 - services.shift_optimizer - INFO - Pattern 7 evaluation complete: 93 total agents, 744 total agent hours
2025-07-28 10:44:01,487 - services.shift_optimizer - INFO - Evaluating pattern 7 against staffing needs
2025-07-28 10:44:01,487 - services.shift_optimizer - INFO - Pattern 7 evaluation complete: 89 total agents, 712 total agent hours
2025-07-28 10:44:01,487 - services.shift_optimizer - INFO - Evaluating pattern 7 against staffing needs
2025-07-28 10:44:01,488 - services.shift_optimizer - INFO - Pattern 7 evaluation complete: 77 total agents, 616 total agent hours
2025-07-28 11:31:09,617 - services.shift_optimizer - INFO - Generating shift patterns with shift_hours=8
2025-07-28 11:31:09,618 - services.shift_optimizer - INFO - Successfully generated 8 shift patterns
2025-07-28 11:31:09,619 - services.shift_optimizer - INFO - Evaluating pattern 0 against staffing needs
2025-07-28 11:31:09,619 - services.shift_optimizer - INFO - Pattern 0 evaluation complete: 44 total agents, 352 total agent hours
2025-07-28 11:31:09,619 - services.shift_optimizer - INFO - Evaluating pattern 0 against staffing needs
2025-07-28 11:31:09,620 - services.shift_optimizer - INFO - Pattern 0 evaluation complete: 52 total agents, 416 total agent hours
2025-07-28 11:31:09,620 - services.shift_optimizer - INFO - Evaluating pattern 0 against staffing needs
2025-07-28 11:31:09,620 - services.shift_optimizer - INFO - Pattern 0 evaluation complete: 81 total agents, 648 total agent hours
2025-07-28 11:31:09,621 - services.shift_optimizer - INFO - Evaluating pattern 0 against staffing needs
2025-07-28 11:31:09,622 - services.shift_optimizer - INFO - Pattern 0 evaluation complete: 84 total agents, 672 total agent hours
2025-07-28 11:31:09,622 - services.shift_optimizer - INFO - Evaluating pattern 0 against staffing needs
2025-07-28 11:31:09,623 - services.shift_optimizer - INFO - Pattern 0 evaluation complete: 87 total agents, 696 total agent hours
2025-07-28 11:31:09,623 - services.shift_optimizer - INFO - Evaluating pattern 0 against staffing needs
2025-07-28 11:31:09,625 - services.shift_optimizer - INFO - Pattern 0 evaluation complete: 100 total agents, 800 total agent hours
2025-07-28 11:31:09,625 - services.shift_optimizer - INFO - Evaluating pattern 0 against staffing needs
2025-07-28 11:31:09,625 - services.shift_optimizer - INFO - Pattern 0 evaluation complete: 81 total agents, 648 total agent hours
2025-07-28 11:31:09,626 - services.shift_optimizer - INFO - Evaluating pattern 1 against staffing needs
2025-07-28 11:31:09,626 - services.shift_optimizer - INFO - Pattern 1 evaluation complete: 49 total agents, 392 total agent hours
2025-07-28 11:31:09,627 - services.shift_optimizer - INFO - Evaluating pattern 1 against staffing needs
2025-07-28 11:31:09,628 - services.shift_optimizer - INFO - Pattern 1 evaluation complete: 59 total agents, 472 total agent hours
2025-07-28 11:31:09,628 - services.shift_optimizer - INFO - Evaluating pattern 1 against staffing needs
2025-07-28 11:31:09,628 - services.shift_optimizer - INFO - Pattern 1 evaluation complete: 78 total agents, 624 total agent hours
2025-07-28 11:31:09,629 - services.shift_optimizer - INFO - Evaluating pattern 1 against staffing needs
2025-07-28 11:31:09,630 - services.shift_optimizer - INFO - Pattern 1 evaluation complete: 88 total agents, 704 total agent hours
2025-07-28 11:31:09,630 - services.shift_optimizer - INFO - Evaluating pattern 1 against staffing needs
2025-07-28 11:31:09,631 - services.shift_optimizer - INFO - Pattern 1 evaluation complete: 89 total agents, 712 total agent hours
2025-07-28 11:31:09,631 - services.shift_optimizer - INFO - Evaluating pattern 1 against staffing needs
2025-07-28 11:31:09,631 - services.shift_optimizer - INFO - Pattern 1 evaluation complete: 94 total agents, 752 total agent hours
2025-07-28 11:31:09,631 - services.shift_optimizer - INFO - Evaluating pattern 1 against staffing needs
2025-07-28 11:31:09,632 - services.shift_optimizer - INFO - Pattern 1 evaluation complete: 78 total agents, 624 total agent hours
2025-07-28 11:31:09,632 - services.shift_optimizer - INFO - Evaluating pattern 2 against staffing needs
2025-07-28 11:31:09,633 - services.shift_optimizer - INFO - Pattern 2 evaluation complete: 46 total agents, 368 total agent hours
2025-07-28 11:31:09,633 - services.shift_optimizer - INFO - Evaluating pattern 2 against staffing needs
2025-07-28 11:31:09,634 - services.shift_optimizer - INFO - Pattern 2 evaluation complete: 64 total agents, 512 total agent hours
2025-07-28 11:31:09,634 - services.shift_optimizer - INFO - Evaluating pattern 2 against staffing needs
2025-07-28 11:31:09,634 - services.shift_optimizer - INFO - Pattern 2 evaluation complete: 81 total agents, 648 total agent hours
2025-07-28 11:31:09,635 - services.shift_optimizer - INFO - Evaluating pattern 2 against staffing needs
2025-07-28 11:31:09,635 - services.shift_optimizer - INFO - Pattern 2 evaluation complete: 93 total agents, 744 total agent hours
2025-07-28 11:31:09,635 - services.shift_optimizer - INFO - Evaluating pattern 2 against staffing needs
2025-07-28 11:31:09,636 - services.shift_optimizer - INFO - Pattern 2 evaluation complete: 89 total agents, 712 total agent hours
2025-07-28 11:31:09,636 - services.shift_optimizer - INFO - Evaluating pattern 2 against staffing needs
2025-07-28 11:31:09,636 - services.shift_optimizer - INFO - Pattern 2 evaluation complete: 92 total agents, 736 total agent hours
2025-07-28 11:31:09,636 - services.shift_optimizer - INFO - Evaluating pattern 2 against staffing needs
2025-07-28 11:31:09,637 - services.shift_optimizer - INFO - Pattern 2 evaluation complete: 78 total agents, 624 total agent hours
2025-07-28 11:31:09,638 - services.shift_optimizer - INFO - Evaluating pattern 3 against staffing needs
2025-07-28 11:31:09,638 - services.shift_optimizer - INFO - Pattern 3 evaluation complete: 45 total agents, 360 total agent hours
2025-07-28 11:31:09,639 - services.shift_optimizer - INFO - Evaluating pattern 3 against staffing needs
2025-07-28 11:31:09,640 - services.shift_optimizer - INFO - Pattern 3 evaluation complete: 64 total agents, 512 total agent hours
2025-07-28 11:31:09,640 - services.shift_optimizer - INFO - Evaluating pattern 3 against staffing needs
2025-07-28 11:31:09,640 - services.shift_optimizer - INFO - Pattern 3 evaluation complete: 78 total agents, 624 total agent hours
2025-07-28 11:31:09,641 - services.shift_optimizer - INFO - Evaluating pattern 3 against staffing needs
2025-07-28 11:31:09,642 - services.shift_optimizer - INFO - Pattern 3 evaluation complete: 88 total agents, 704 total agent hours
2025-07-28 11:31:09,643 - services.shift_optimizer - INFO - Evaluating pattern 3 against staffing needs
2025-07-28 11:31:09,643 - services.shift_optimizer - INFO - Pattern 3 evaluation complete: 85 total agents, 680 total agent hours
2025-07-28 11:31:09,643 - services.shift_optimizer - INFO - Evaluating pattern 3 against staffing needs
2025-07-28 11:31:09,644 - services.shift_optimizer - INFO - Pattern 3 evaluation complete: 88 total agents, 704 total agent hours
2025-07-28 11:31:09,644 - services.shift_optimizer - INFO - Evaluating pattern 3 against staffing needs
2025-07-28 11:31:09,644 - services.shift_optimizer - INFO - Pattern 3 evaluation complete: 78 total agents, 624 total agent hours
2025-07-28 11:31:09,645 - services.shift_optimizer - INFO - Evaluating pattern 4 against staffing needs
2025-07-28 11:31:09,645 - services.shift_optimizer - INFO - Pattern 4 evaluation complete: 45 total agents, 360 total agent hours
2025-07-28 11:31:09,646 - services.shift_optimizer - INFO - Evaluating pattern 4 against staffing needs
2025-07-28 11:31:09,646 - services.shift_optimizer - INFO - Pattern 4 evaluation complete: 66 total agents, 528 total agent hours
2025-07-28 11:31:09,646 - services.shift_optimizer - INFO - Evaluating pattern 4 against staffing needs
2025-07-28 11:31:09,647 - services.shift_optimizer - INFO - Pattern 4 evaluation complete: 81 total agents, 648 total agent hours
2025-07-28 11:31:09,647 - services.shift_optimizer - INFO - Evaluating pattern 4 against staffing needs
2025-07-28 11:31:09,647 - services.shift_optimizer - INFO - Pattern 4 evaluation complete: 86 total agents, 688 total agent hours
2025-07-28 11:31:09,648 - services.shift_optimizer - INFO - Evaluating pattern 4 against staffing needs
2025-07-28 11:31:09,648 - services.shift_optimizer - INFO - Pattern 4 evaluation complete: 87 total agents, 696 total agent hours
2025-07-28 11:31:09,648 - services.shift_optimizer - INFO - Evaluating pattern 4 against staffing needs
2025-07-28 11:31:09,649 - services.shift_optimizer - INFO - Pattern 4 evaluation complete: 88 total agents, 704 total agent hours
2025-07-28 11:31:09,649 - services.shift_optimizer - INFO - Evaluating pattern 4 against staffing needs
2025-07-28 11:31:09,649 - services.shift_optimizer - INFO - Pattern 4 evaluation complete: 78 total agents, 624 total agent hours
2025-07-28 11:31:09,650 - services.shift_optimizer - INFO - Evaluating pattern 5 against staffing needs
2025-07-28 11:31:09,650 - services.shift_optimizer - INFO - Pattern 5 evaluation complete: 45 total agents, 360 total agent hours
2025-07-28 11:31:09,651 - services.shift_optimizer - INFO - Evaluating pattern 5 against staffing needs
2025-07-28 11:31:09,651 - services.shift_optimizer - INFO - Pattern 5 evaluation complete: 74 total agents, 592 total agent hours
2025-07-28 11:31:09,651 - services.shift_optimizer - INFO - Evaluating pattern 5 against staffing needs
2025-07-28 11:31:09,652 - services.shift_optimizer - INFO - Pattern 5 evaluation complete: 87 total agents, 696 total agent hours
2025-07-28 11:31:09,652 - services.shift_optimizer - INFO - Evaluating pattern 5 against staffing needs
2025-07-28 11:31:09,652 - services.shift_optimizer - INFO - Pattern 5 evaluation complete: 92 total agents, 736 total agent hours
2025-07-28 11:31:09,653 - services.shift_optimizer - INFO - Evaluating pattern 5 against staffing needs
2025-07-28 11:31:09,653 - services.shift_optimizer - INFO - Pattern 5 evaluation complete: 93 total agents, 744 total agent hours
2025-07-28 11:31:09,653 - services.shift_optimizer - INFO - Evaluating pattern 5 against staffing needs
2025-07-28 11:31:09,654 - services.shift_optimizer - INFO - Pattern 5 evaluation complete: 94 total agents, 752 total agent hours
2025-07-28 11:31:09,655 - services.shift_optimizer - INFO - Evaluating pattern 5 against staffing needs
2025-07-28 11:31:09,655 - services.shift_optimizer - INFO - Pattern 5 evaluation complete: 81 total agents, 648 total agent hours
2025-07-28 11:31:09,656 - services.shift_optimizer - INFO - Evaluating pattern 6 against staffing needs
2025-07-28 11:31:09,657 - services.shift_optimizer - INFO - Pattern 6 evaluation complete: 45 total agents, 360 total agent hours
2025-07-28 11:31:09,657 - services.shift_optimizer - INFO - Evaluating pattern 6 against staffing needs
2025-07-28 11:31:09,658 - services.shift_optimizer - INFO - Pattern 6 evaluation complete: 71 total agents, 568 total agent hours
2025-07-28 11:31:09,658 - services.shift_optimizer - INFO - Evaluating pattern 6 against staffing needs
2025-07-28 11:31:09,659 - services.shift_optimizer - INFO - Pattern 6 evaluation complete: 88 total agents, 704 total agent hours
2025-07-28 11:31:09,659 - services.shift_optimizer - INFO - Evaluating pattern 6 against staffing needs
2025-07-28 11:31:09,660 - services.shift_optimizer - INFO - Pattern 6 evaluation complete: 94 total agents, 752 total agent hours
2025-07-28 11:31:09,660 - services.shift_optimizer - INFO - Evaluating pattern 6 against staffing needs
2025-07-28 11:31:09,661 - services.shift_optimizer - INFO - Pattern 6 evaluation complete: 93 total agents, 744 total agent hours
2025-07-28 11:31:09,661 - services.shift_optimizer - INFO - Evaluating pattern 6 against staffing needs
2025-07-28 11:31:09,661 - services.shift_optimizer - INFO - Pattern 6 evaluation complete: 90 total agents, 720 total agent hours
2025-07-28 11:31:09,662 - services.shift_optimizer - INFO - Evaluating pattern 6 against staffing needs
2025-07-28 11:31:09,662 - services.shift_optimizer - INFO - Pattern 6 evaluation complete: 78 total agents, 624 total agent hours
2025-07-28 11:31:09,663 - services.shift_optimizer - INFO - Evaluating pattern 7 against staffing needs
2025-07-28 11:31:09,663 - services.shift_optimizer - INFO - Pattern 7 evaluation complete: 45 total agents, 360 total agent hours
2025-07-28 11:31:09,663 - services.shift_optimizer - INFO - Evaluating pattern 7 against staffing needs
2025-07-28 11:31:09,664 - services.shift_optimizer - INFO - Pattern 7 evaluation complete: 72 total agents, 576 total agent hours
2025-07-28 11:31:09,664 - services.shift_optimizer - INFO - Evaluating pattern 7 against staffing needs
2025-07-28 11:31:09,665 - services.shift_optimizer - INFO - Pattern 7 evaluation complete: 88 total agents, 704 total agent hours
2025-07-28 11:31:09,665 - services.shift_optimizer - INFO - Evaluating pattern 7 against staffing needs
2025-07-28 11:31:09,665 - services.shift_optimizer - INFO - Pattern 7 evaluation complete: 92 total agents, 736 total agent hours
2025-07-28 11:31:09,666 - services.shift_optimizer - INFO - Evaluating pattern 7 against staffing needs
2025-07-28 11:31:09,666 - services.shift_optimizer - INFO - Pattern 7 evaluation complete: 93 total agents, 744 total agent hours
2025-07-28 11:31:09,666 - services.shift_optimizer - INFO - Evaluating pattern 7 against staffing needs
2025-07-28 11:31:09,667 - services.shift_optimizer - INFO - Pattern 7 evaluation complete: 89 total agents, 712 total agent hours
2025-07-28 11:31:09,667 - services.shift_optimizer - INFO - Evaluating pattern 7 against staffing needs
2025-07-28 11:31:09,667 - services.shift_optimizer - INFO - Pattern 7 evaluation complete: 77 total agents, 616 total agent hours
2025-07-28 13:30:52,307 - services.shift_optimizer - INFO - Generating shift patterns with shift_hours=8
2025-07-28 13:30:52,307 - services.shift_optimizer - INFO - Successfully generated 8 shift patterns
2025-07-28 13:30:52,308 - services.shift_optimizer - INFO - Evaluating pattern 0 against staffing needs
2025-07-28 13:30:52,308 - services.shift_optimizer - INFO - Pattern 0 evaluation complete: 44 total agents, 352 total agent hours
2025-07-28 13:30:52,309 - services.shift_optimizer - INFO - Evaluating pattern 0 against staffing needs
2025-07-28 13:30:52,309 - services.shift_optimizer - INFO - Pattern 0 evaluation complete: 52 total agents, 416 total agent hours
2025-07-28 13:30:52,309 - services.shift_optimizer - INFO - Evaluating pattern 0 against staffing needs
2025-07-28 13:30:52,310 - services.shift_optimizer - INFO - Pattern 0 evaluation complete: 81 total agents, 648 total agent hours
2025-07-28 13:30:52,310 - services.shift_optimizer - INFO - Evaluating pattern 0 against staffing needs
2025-07-28 13:30:52,311 - services.shift_optimizer - INFO - Pattern 0 evaluation complete: 84 total agents, 672 total agent hours
2025-07-28 13:30:52,311 - services.shift_optimizer - INFO - Evaluating pattern 0 against staffing needs
2025-07-28 13:30:52,311 - services.shift_optimizer - INFO - Pattern 0 evaluation complete: 87 total agents, 696 total agent hours
2025-07-28 13:30:52,312 - services.shift_optimizer - INFO - Evaluating pattern 0 against staffing needs
2025-07-28 13:30:52,312 - services.shift_optimizer - INFO - Pattern 0 evaluation complete: 100 total agents, 800 total agent hours
2025-07-28 13:30:52,312 - services.shift_optimizer - INFO - Evaluating pattern 0 against staffing needs
2025-07-28 13:30:52,313 - services.shift_optimizer - INFO - Pattern 0 evaluation complete: 81 total agents, 648 total agent hours
2025-07-28 13:30:52,313 - services.shift_optimizer - INFO - Evaluating pattern 1 against staffing needs
2025-07-28 13:30:52,314 - services.shift_optimizer - INFO - Pattern 1 evaluation complete: 49 total agents, 392 total agent hours
2025-07-28 13:30:52,314 - services.shift_optimizer - INFO - Evaluating pattern 1 against staffing needs
2025-07-28 13:30:52,314 - services.shift_optimizer - INFO - Pattern 1 evaluation complete: 59 total agents, 472 total agent hours
2025-07-28 13:30:52,315 - services.shift_optimizer - INFO - Evaluating pattern 1 against staffing needs
2025-07-28 13:30:52,315 - services.shift_optimizer - INFO - Pattern 1 evaluation complete: 78 total agents, 624 total agent hours
2025-07-28 13:30:52,315 - services.shift_optimizer - INFO - Evaluating pattern 1 against staffing needs
2025-07-28 13:30:52,316 - services.shift_optimizer - INFO - Pattern 1 evaluation complete: 88 total agents, 704 total agent hours
2025-07-28 13:30:52,316 - services.shift_optimizer - INFO - Evaluating pattern 1 against staffing needs
2025-07-28 13:30:52,317 - services.shift_optimizer - INFO - Pattern 1 evaluation complete: 89 total agents, 712 total agent hours
2025-07-28 13:30:52,317 - services.shift_optimizer - INFO - Evaluating pattern 1 against staffing needs
2025-07-28 13:30:52,318 - services.shift_optimizer - INFO - Pattern 1 evaluation complete: 94 total agents, 752 total agent hours
2025-07-28 13:30:52,318 - services.shift_optimizer - INFO - Evaluating pattern 1 against staffing needs
2025-07-28 13:30:52,318 - services.shift_optimizer - INFO - Pattern 1 evaluation complete: 78 total agents, 624 total agent hours
2025-07-28 13:30:52,319 - services.shift_optimizer - INFO - Evaluating pattern 2 against staffing needs
2025-07-28 13:30:52,319 - services.shift_optimizer - INFO - Pattern 2 evaluation complete: 46 total agents, 368 total agent hours
2025-07-28 13:30:52,320 - services.shift_optimizer - INFO - Evaluating pattern 2 against staffing needs
2025-07-28 13:30:52,320 - services.shift_optimizer - INFO - Pattern 2 evaluation complete: 64 total agents, 512 total agent hours
2025-07-28 13:30:52,320 - services.shift_optimizer - INFO - Evaluating pattern 2 against staffing needs
2025-07-28 13:30:52,321 - services.shift_optimizer - INFO - Pattern 2 evaluation complete: 81 total agents, 648 total agent hours
2025-07-28 13:30:52,321 - services.shift_optimizer - INFO - Evaluating pattern 2 against staffing needs
2025-07-28 13:30:52,321 - services.shift_optimizer - INFO - Pattern 2 evaluation complete: 93 total agents, 744 total agent hours
2025-07-28 13:30:52,322 - services.shift_optimizer - INFO - Evaluating pattern 2 against staffing needs
2025-07-28 13:30:52,322 - services.shift_optimizer - INFO - Pattern 2 evaluation complete: 89 total agents, 712 total agent hours
2025-07-28 13:30:52,322 - services.shift_optimizer - INFO - Evaluating pattern 2 against staffing needs
2025-07-28 13:30:52,323 - services.shift_optimizer - INFO - Pattern 2 evaluation complete: 92 total agents, 736 total agent hours
2025-07-28 13:30:52,323 - services.shift_optimizer - INFO - Evaluating pattern 2 against staffing needs
2025-07-28 13:30:52,323 - services.shift_optimizer - INFO - Pattern 2 evaluation complete: 78 total agents, 624 total agent hours
2025-07-28 13:30:52,324 - services.shift_optimizer - INFO - Evaluating pattern 3 against staffing needs
2025-07-28 13:30:52,324 - services.shift_optimizer - INFO - Pattern 3 evaluation complete: 45 total agents, 360 total agent hours
2025-07-28 13:30:52,325 - services.shift_optimizer - INFO - Evaluating pattern 3 against staffing needs
2025-07-28 13:30:52,325 - services.shift_optimizer - INFO - Pattern 3 evaluation complete: 64 total agents, 512 total agent hours
2025-07-28 13:30:52,325 - services.shift_optimizer - INFO - Evaluating pattern 3 against staffing needs
2025-07-28 13:30:52,326 - services.shift_optimizer - INFO - Pattern 3 evaluation complete: 78 total agents, 624 total agent hours
2025-07-28 13:30:52,326 - services.shift_optimizer - INFO - Evaluating pattern 3 against staffing needs
2025-07-28 13:30:52,326 - services.shift_optimizer - INFO - Pattern 3 evaluation complete: 88 total agents, 704 total agent hours
2025-07-28 13:30:52,327 - services.shift_optimizer - INFO - Evaluating pattern 3 against staffing needs
2025-07-28 13:30:52,327 - services.shift_optimizer - INFO - Pattern 3 evaluation complete: 85 total agents, 680 total agent hours
2025-07-28 13:30:52,328 - services.shift_optimizer - INFO - Evaluating pattern 3 against staffing needs
2025-07-28 13:30:52,328 - services.shift_optimizer - INFO - Pattern 3 evaluation complete: 88 total agents, 704 total agent hours
2025-07-28 13:30:52,328 - services.shift_optimizer - INFO - Evaluating pattern 3 against staffing needs
2025-07-28 13:30:52,329 - services.shift_optimizer - INFO - Pattern 3 evaluation complete: 78 total agents, 624 total agent hours
2025-07-28 13:30:52,329 - services.shift_optimizer - INFO - Evaluating pattern 4 against staffing needs
2025-07-28 13:30:52,330 - services.shift_optimizer - INFO - Pattern 4 evaluation complete: 45 total agents, 360 total agent hours
2025-07-28 13:30:52,330 - services.shift_optimizer - INFO - Evaluating pattern 4 against staffing needs
2025-07-28 13:30:52,330 - services.shift_optimizer - INFO - Pattern 4 evaluation complete: 66 total agents, 528 total agent hours
2025-07-28 13:30:52,330 - services.shift_optimizer - INFO - Evaluating pattern 4 against staffing needs
2025-07-28 13:30:52,331 - services.shift_optimizer - INFO - Pattern 4 evaluation complete: 81 total agents, 648 total agent hours
2025-07-28 13:30:52,331 - services.shift_optimizer - INFO - Evaluating pattern 4 against staffing needs
2025-07-28 13:30:52,331 - services.shift_optimizer - INFO - Pattern 4 evaluation complete: 86 total agents, 688 total agent hours
2025-07-28 13:30:52,332 - services.shift_optimizer - INFO - Evaluating pattern 4 against staffing needs
2025-07-28 13:30:52,332 - services.shift_optimizer - INFO - Pattern 4 evaluation complete: 87 total agents, 696 total agent hours
2025-07-28 13:30:52,333 - services.shift_optimizer - INFO - Evaluating pattern 4 against staffing needs
2025-07-28 13:30:52,333 - services.shift_optimizer - INFO - Pattern 4 evaluation complete: 88 total agents, 704 total agent hours
2025-07-28 13:30:52,334 - services.shift_optimizer - INFO - Evaluating pattern 4 against staffing needs
2025-07-28 13:30:52,334 - services.shift_optimizer - INFO - Pattern 4 evaluation complete: 78 total agents, 624 total agent hours
2025-07-28 13:30:52,335 - services.shift_optimizer - INFO - Evaluating pattern 5 against staffing needs
2025-07-28 13:30:52,335 - services.shift_optimizer - INFO - Pattern 5 evaluation complete: 45 total agents, 360 total agent hours
2025-07-28 13:30:52,336 - services.shift_optimizer - INFO - Evaluating pattern 5 against staffing needs
2025-07-28 13:30:52,336 - services.shift_optimizer - INFO - Pattern 5 evaluation complete: 74 total agents, 592 total agent hours
2025-07-28 13:30:52,336 - services.shift_optimizer - INFO - Evaluating pattern 5 against staffing needs
2025-07-28 13:30:52,337 - services.shift_optimizer - INFO - Pattern 5 evaluation complete: 87 total agents, 696 total agent hours
2025-07-28 13:30:52,337 - services.shift_optimizer - INFO - Evaluating pattern 5 against staffing needs
2025-07-28 13:30:52,338 - services.shift_optimizer - INFO - Pattern 5 evaluation complete: 92 total agents, 736 total agent hours
2025-07-28 13:30:52,338 - services.shift_optimizer - INFO - Evaluating pattern 5 against staffing needs
2025-07-28 13:30:52,339 - services.shift_optimizer - INFO - Pattern 5 evaluation complete: 93 total agents, 744 total agent hours
2025-07-28 13:30:52,339 - services.shift_optimizer - INFO - Evaluating pattern 5 against staffing needs
2025-07-28 13:30:52,339 - services.shift_optimizer - INFO - Pattern 5 evaluation complete: 94 total agents, 752 total agent hours
2025-07-28 13:30:52,339 - services.shift_optimizer - INFO - Evaluating pattern 5 against staffing needs
2025-07-28 13:30:52,340 - services.shift_optimizer - INFO - Pattern 5 evaluation complete: 81 total agents, 648 total agent hours
2025-07-28 13:30:52,340 - services.shift_optimizer - INFO - Evaluating pattern 6 against staffing needs
2025-07-28 13:30:52,341 - services.shift_optimizer - INFO - Pattern 6 evaluation complete: 45 total agents, 360 total agent hours
2025-07-28 13:30:52,341 - services.shift_optimizer - INFO - Evaluating pattern 6 against staffing needs
2025-07-28 13:30:52,341 - services.shift_optimizer - INFO - Pattern 6 evaluation complete: 71 total agents, 568 total agent hours
2025-07-28 13:30:52,342 - services.shift_optimizer - INFO - Evaluating pattern 6 against staffing needs
2025-07-28 13:30:52,342 - services.shift_optimizer - INFO - Pattern 6 evaluation complete: 88 total agents, 704 total agent hours
2025-07-28 13:30:52,342 - services.shift_optimizer - INFO - Evaluating pattern 6 against staffing needs
2025-07-28 13:30:52,343 - services.shift_optimizer - INFO - Pattern 6 evaluation complete: 94 total agents, 752 total agent hours
2025-07-28 13:30:52,343 - services.shift_optimizer - INFO - Evaluating pattern 6 against staffing needs
2025-07-28 13:30:52,344 - services.shift_optimizer - INFO - Pattern 6 evaluation complete: 93 total agents, 744 total agent hours
2025-07-28 13:30:52,344 - services.shift_optimizer - INFO - Evaluating pattern 6 against staffing needs
2025-07-28 13:30:52,344 - services.shift_optimizer - INFO - Pattern 6 evaluation complete: 90 total agents, 720 total agent hours
2025-07-28 13:30:52,344 - services.shift_optimizer - INFO - Evaluating pattern 6 against staffing needs
2025-07-28 13:30:52,345 - services.shift_optimizer - INFO - Pattern 6 evaluation complete: 78 total agents, 624 total agent hours
2025-07-28 13:30:52,345 - services.shift_optimizer - INFO - Evaluating pattern 7 against staffing needs
2025-07-28 13:30:52,346 - services.shift_optimizer - INFO - Pattern 7 evaluation complete: 45 total agents, 360 total agent hours
2025-07-28 13:30:52,346 - services.shift_optimizer - INFO - Evaluating pattern 7 against staffing needs
2025-07-28 13:30:52,346 - services.shift_optimizer - INFO - Pattern 7 evaluation complete: 72 total agents, 576 total agent hours
2025-07-28 13:30:52,347 - services.shift_optimizer - INFO - Evaluating pattern 7 against staffing needs
2025-07-28 13:30:52,347 - services.shift_optimizer - INFO - Pattern 7 evaluation complete: 88 total agents, 704 total agent hours
2025-07-28 13:30:52,348 - services.shift_optimizer - INFO - Evaluating pattern 7 against staffing needs
2025-07-28 13:30:52,348 - services.shift_optimizer - INFO - Pattern 7 evaluation complete: 92 total agents, 736 total agent hours
2025-07-28 13:30:52,348 - services.shift_optimizer - INFO - Evaluating pattern 7 against staffing needs
2025-07-28 13:30:52,349 - services.shift_optimizer - INFO - Pattern 7 evaluation complete: 93 total agents, 744 total agent hours
2025-07-28 13:30:52,349 - services.shift_optimizer - INFO - Evaluating pattern 7 against staffing needs
2025-07-28 13:30:52,349 - services.shift_optimizer - INFO - Pattern 7 evaluation complete: 89 total agents, 712 total agent hours
2025-07-28 13:30:52,350 - services.shift_optimizer - INFO - Evaluating pattern 7 against staffing needs
2025-07-28 13:30:52,350 - services.shift_optimizer - INFO - Pattern 7 evaluation complete: 77 total agents, 616 total agent hours
